// Jest Snapshot v1, https://goo.gl/fbAQLP

exports[`<Button /> component matches the snapshot 1`] = `
<button
  className="btn"
  onClick={[Function]}
  type="button"
>
  Click me for more info
</button>
`;
